<?xml version="1.0" encoding="utf-8"?><testsuites name="pytest tests"><testsuite name="pytest" errors="0" failures="0" skipped="0" tests="1" time="0.348" timestamp="2025-09-07T09:14:06.732847+08:00" hostname="LesdeMacBook-Air.local"><testcase classname="tests.plugin_test" name="test_load" file="tests/plugin_test.py" line="33" time="0.282" /></testsuite></testsuites>